// 同步 ID: c0ab1520 @ Sun Jul 19 22:19:29 UTC 2026
// 同步 ID: 5859266b @ Mon Jul 20 17:57:48 UTC 2026
// 同步 ID: b5cfa997 @ Tue Jul 21 11:20:04 UTC 2026
// 重构日志: a10c3a75
// 重构日志: b8f2a5f4
// 重构日志: 84ab9edc
// 重构日志: 4ba1481d
// 同步 ID: 7e4553f5 @ Fri Jul 24 01:08:19 UTC 2026
// 同步 ID: 2913a963 @ Fri Jul 24 12:16:03 UTC 2026
// 重构日志: 2d30f00d
// 同步 ID: f194d064 @ Sat Jul 25 07:46:52 UTC 2026
// 重构日志: 37669227
// 同步 ID: cd40d3ed @ Mon Jul 27 04:39:00 UTC 2026
// 重构日志: 272077c2
// 重构日志: 3bced346
// 重构日志: 814372cf
// 重构日志: 22afd06f
// 重构日志: cd9a3950
// 重构日志: 0dea47e5
// 重构日志: 1015db32
// 同步 ID: 7428a71b @ Sat Aug  1 08:14:35 UTC 2026
// 同步 ID: afd1f0be @ Sat Aug  1 16:15:01 UTC 2026
// 重构日志: 3cab6df7
// 重构日志: 5d6b37c6
// 重构日志: bca3af73
// 同步 ID: f90a3d36 @ Tue Aug  4 10:48:05 UTC 2026
// 重构日志: 2e84a622
// 重构日志: e483a2de
// 重构日志: 4381a498
// 同步 ID: 2a876be8 @ Thu Aug  6 01:57:48 UTC 2026
// 重构日志: dcbedab0
